SQL*Plus: Release 10.2.0.1.0 - Production on Wed Aug 7 10:10:08 2019


Copyright (c) 1982, 2005, Oracle.  All rights reserved.


SQL> conn sys as sysdba;
Enter password:
Connected.
SQL> create user store2 identified by store2;


User created.


SQL> grant create user to store2 with admin option;


Grant succeeded.


SQL> create role p_manager;


Role created.


SQL> create role hr_manager;


Role created.


SQL> create role overall_manager identified by manager_pwd;


Role created.


SQL> create table product32 <pid number<10>,pname varchar2<40>,pprice number<10>;
create table product32 <pid number<10>,pname varchar2<40>,pprice number<10>
                       *
ERROR at line 1:
ORA-00922: missing or invalid option




SQL> create table product32 <pid  number<10>,pname varchar2<40>,pprice number<10>>;
create table product32 <pid  number<10>,pname varchar2<40>,pprice number<10>>
                       *
ERROR at line 1:
ORA-00922: missing or invalid option




SQL> create table product32 (pid  number(1),pname varchar2(40),pprice number(10));


Table created.


SQL> grant select,insert,update,delete on product32 to p_manager;


Grant succeeded.


QL> grant select,insert,update,delete on product32 to p_manager;


Grant succeeded.


SQL> grant p_manager,hr_manager to overall_manager;


Grant succeeded.


SQL>
SQL> grant overall_manager to store2;


Grant succeeded.


SQL> show user;
USER is "SYS"
SQL> desc user_role privs;
Usage: DESCRIBE [schema.]object[@db_link]
SQL> desc user_role_privs;
 Name                                      Null?    Type
 ----------------------------------------- -------- ----------------------------
 USERNAME                                           VARCHAR2(30)
 GRANTED_ROLE                                       VARCHAR2(30)
 ADMIN_OPTION                                       VARCHAR2(3)
 DEFAULT_ROLE                                       VARCHAR2(3)
 OS_GRANTED                                         VARCHAR2(3)


SQL> select *from user_role_privs;


USERNAME                       GRANTED_ROLE                   ADM DEF OS_
------------------------------ ------------------------------ --- --- ---
SYS                            AQ_ADMINISTRATOR_ROLE          YES YES NO
SYS                            AQ_USER_ROLE                   YES YES NO
SYS                            AUTHENTICATEDUSER              YES YES NO
SYS                            CONNECT                        YES YES NO
SYS                            CTXAPP                         YES YES NO
SYS                            DBA                            YES YES NO
SYS                            DELETE_CATALOG_ROLE            YES YES NO
SYS                            EXECUTE_CATALOG_ROLE           YES YES NO
SYS                            EXP_FULL_DATABASE              YES YES NO
SYS                            GATHER_SYSTEM_STATISTICS       YES YES NO
SYS                            HR_MANAGER                     YES YES NO


USERNAME                       GRANTED_ROLE                   ADM DEF OS_
------------------------------ ------------------------------ --- --- ---
SYS                            HS_ADMIN_ROLE                  YES YES NO
SYS                            IMP_FULL_DATABASE              YES YES NO
SYS                            LOGSTDBY_ADMINISTRATOR         YES YES NO
SYS                            OEM_ADVISOR                    YES YES NO
SYS                            OEM_MONITOR                    YES YES NO
SYS                            OVERALL_MANAGER                YES YES NO
SYS                            PLUSTRACE                      YES YES NO
SYS                            P_MANAGER                      YES YES NO
SYS                            RECOVERY_CATALOG_OWNER         YES YES NO
SYS                            RESOURCE                       YES YES NO
SYS                            SCHEDULER_ADMIN                YES YES NO


USERNAME                       GRANTED_ROLE                   ADM DEF OS_
------------------------------ ------------------------------ --- --- ---
SYS                            SELECT_CATALOG_ROLE            YES YES NO
SYS                            XDBADMIN                       YES YES NO
SYS                            XDBWEBSERVICES                 YES YES NO


25 rows selected.
      




1.student database  ->user
  -sname                     1.assign a role
  -reg no.                      2.placement role,section mentor,personal mentor   
  -section                     3.assign privs to all roles
  -                                    4.




2.how to startup and shutdown an oracle server;